// Jest Snapshot v1, https://goo.gl/fbAQLP

exports[`Header renders correctly 1`] = `
<div
  className="sc-bdVaJa cqMTxD"
>
  <p
    className="sc-bwzfXH iJxcRz"
  >
    XState Cartographer
  </p>
  <button
    className="sc-htpNat cZppGo"
    onClick={[Function]}
  >
    Update Chart
  </button>
</div>
`;
