// Jest Snapshot v1, https://goo.gl/fbAQLP

exports[`Header renders correctly 1`] = `
<div
  className="sc-bdVaJa eQpaCO"
>
  <p
    className="sc-bwzfXH hkRHkZ"
  >
    XState Cartographer
  </p>
  <button
    className="sc-htpNat jpDjMS"
    onClick={[Function]}
  >
    Update Chart
  </button>
</div>
`;
